[INFO] This file exists!
[INFO] FILE: .string_view.build.err.expected
[INFO] FILE: math.c
[INFO] FILE: .read_file.err.expected
[INFO] FILE: logging
[INFO] FILE: .logging.build.err.expected
[INFO] FILE: .math.build.code.expected
[INFO] FILE: .read_file.build.in.expected
[INFO] FILE: .read_file.in.expected
[INFO] FILE: .os_funcs.build.out.expected
[INFO] FILE: .logging.in.expected
[INFO] FILE: .string_view.in.expected
[INFO] FILE: .string_builder.build.in.expected
[INFO] FILE: static_array.c
[INFO] FILE: .string_view.build.code.expected
[INFO] FILE: arena.c
[INFO] FILE: .os_funcs.build.in.expected
[INFO] FILE: read_file
[INFO] FILE: .os_funcs.in.expected
[INFO] FILE: .string_view.build.in.expected
[INFO] FILE: os_funcs
[INFO] FILE: .dynamic_array.build.out.expected
[INFO] FILE: .math.out.expected
[INFO] FILE: .os_funcs.out.expected
[INFO] FILE: arena
[INFO] FILE: .math.build.err.expected
[INFO] FILE: .math.err.expected
[INFO] FILE: shift_args.c
[INFO] FILE: .string_builder.err.expected
[INFO] FILE: .arena.build.code.expected
[INFO] FILE: .read_file.build.err.expected
[INFO] FILE: .string_view.code.expected
[INFO] FILE: .arena.code.expected
[INFO] FILE: dynamic_array
[INFO] FILE: .dynamic_array.in.expected
[INFO] FILE: .math.in.expected
[INFO] FILE: .read_file.out.expected
[INFO] FILE: .read_file.code.expected
[INFO] FILE: .logging.code.expected
[INFO] FILE: .shift_args.build.err.expected
[INFO] FILE: .math.build.out.expected
[INFO] FILE: .os_funcs.err.expected
[INFO] FILE: .arena.err.expected
[INFO] FILE: logging.c
[INFO] FILE: string_view.c
[INFO] FILE: .string_view.out.expected
[INFO] FILE: .string_builder.in.expected
[INFO] FILE: static_array
[INFO] FILE: os_funcs.c
[INFO] FILE: .read_file.build.code.expected
[INFO] FILE: .shift_args.build.code.expected
[INFO] FILE: string_view
[INFO] FILE: .logging.build.out.expected
[INFO] FILE: read_file.c
[INFO] FILE: .logging.build.in.expected
[INFO] FILE: .arena.build.err.expected
[INFO] FILE: .static_array.in.expected
[INFO] FILE: shift_args
[INFO] FILE: string_builder
[INFO] FILE: .shift_args.in.expected
[INFO] FILE: .math.code.expected
[INFO] FILE: .os_funcs.code.expected
[INFO] FILE: .read_file.build.out.expected
[INFO] FILE: .os_funcs.build.code.expected
[INFO] FILE: .shift_args.out.expected
[INFO] FILE: .dynamic_array.build.code.expected
[INFO] FILE: .static_array.code.expected
[INFO] FILE: .arena.in.expected
[INFO] FILE: .shift_args.err.expected
[INFO] FILE: .math.build.in.expected
[INFO] FILE: .string_builder.build.err.expected
[INFO] FILE: .static_array.build.out.expected
[INFO] FILE: .string_view.build.out.expected
[INFO] FILE: .arena.build.in.expected
[INFO] FILE: .arena.out.expected
[INFO] FILE: .static_array.err.expected
[INFO] FILE: dynamic_array.c
[INFO] FILE: .dynamic_array.code.expected
[INFO] FILE: .string_builder.build.code.expected
[INFO] FILE: .shift_args.code.expected
[INFO] FILE: string_builder.c
[INFO] FILE: .shift_args.build.in.expected
[INFO] FILE: .logging.out.expected
[INFO] FILE: .static_array.build.code.expected
[INFO] FILE: .string_view.err.expected
[INFO] FILE: .logging.build.code.expected
[INFO] FILE: .string_builder.build.out.expected
[INFO] FILE: .dynamic_array.build.in.expected
[INFO] FILE: .dynamic_array.build.err.expected
[INFO] FILE: .dynamic_array.out.expected
[INFO] FILE: .string_builder.out.expected
[INFO] FILE: .arena.build.out.expected
[INFO] FILE: .os_funcs.build.err.expected
[INFO] FILE: .static_array.build.err.expected
[INFO] FILE: math
[INFO] FILE: .static_array.out.expected
[INFO] FILE: .shift_args.build.out.expected
[INFO] FILE: .static_array.build.in.expected
[INFO] FILE: .string_builder.code.expected
[INFO] FILE: .dynamic_array.err.expected
[INFO] FILE: .logging.err.expected
